../Core/Src/main.c:62:1:__io_putchar	16	static
../Core/Src/main.c:123:6:NEXTION_SendString	72	static
../Core/Src/main.c:129:6:NEXTION_SendValue	72	static
../Core/Src/main.c:135:6:NEXTION_SendGraphicValue	88	static
../Core/Src/main.c:142:5:map_range	24	static
../Core/Src/main.c:166:5:main	104	static
../Core/Src/main.c:254:6:SystemClock_Config	88	static
../Core/Src/main.c:301:13:MX_ADC1_Init	24	static
../Core/Src/main.c:375:13:MX_I2C1_Init	8	static
../Core/Src/main.c:409:13:MX_USART1_UART_Init	8	static
../Core/Src/main.c:442:13:MX_USART3_UART_Init	8	static
../Core/Src/main.c:473:13:MX_DMA_Init	16	static
../Core/Src/main.c:491:13:MX_GPIO_Init	40	static
../Core/Src/main.c:514:6:HAL_ADC_ConvCpltCallback	16	static
../Core/Src/main.c:518:6:Set_Time	32	static
../Core/Src/main.c:532:6:Get_Time	24	static
../Core/Src/main.c:543:9:decToBcd	16	static
../Core/Src/main.c:547:5:bcdToDec	16	static
../Core/Src/main.c:551:7:Get_Temp	32	static
../Core/Src/main.c:556:6:force_temp_conv	32	static
../Core/Src/main.c:568:6:HAL_UART_RxCpltCallback	16	static
../Core/Src/main.c:600:6:StartADC	48	static
../Core/Src/main.c:645:6:StartNextion	32	static
../Core/Src/main.c:719:6:StartBluetooth	16	static
../Core/Src/main.c:743:6:HAL_TIM_PeriodElapsedCallback	16	static
../Core/Src/main.c:760:6:Error_Handler	4	static,ignoring_inline_asm
